
Plan   : output/shot_plan.json  (96 shots)
Audio  : resources/audio/narration.mp3
Output : output/final_cut_B.mp4
Config : 1920×1080 @ 25 fps  captions=off
Vision : on  Cache: on  User dir: –  Book extracts: –
Family : B (Netflix-doc cinematic dark)
Motion : 2.5D parallax ON (backend=depthanything, warp=auto)
Text   : typography-over-image ON (text overlaid on footage; title_card keeps cover)
Review : output/review (dossier consulted before fetcher)

INFO  phase3.sources.decisions  Decisions loaded from output/review/decisions.json: 57 shots, pinned_portrait=(none)
Cover  : /content/Lamahat/resources/book_cover/memoirs_3d.jpeg (pool pick #1 of 4 in resources/book_cover/)
Cover fit: contain (from --book-cover-fit)
Cover align: left (from --book-cover-align)
INFO  phase3.render  [render 6%] shot 1/96: title_card
INFO  phase3.sources.decisions  Shot 2: portrait pool hit jafar_profile.jpg (rank 0 of 11)
INFO  phase3.sources  Shot 2: review-dossier hit jafar_profile.jpg
INFO  phase3.render  Shot 2: using fetched image from review_dossier
2026-07-12 05:51:38.158298: I tensorflow/core/platform/cpu_feature_guard.cc:210] This TensorFlow binary is optimized to use available CPU instructions in performance-critical operations.
To enable the following instructions: AVX2 AVX512F FMA, in other operations, rebuild TensorFlow with the appropriate compiler flags.
INFO  numexpr.utils  NumExpr defaulting to 2 threads.
Using a slow image processor as `use_fast` is unset and a slow processor was saved with this model. `use_fast=True` will be the default behavior in v4.52, even if the model was saved with a slow processor. This will result in minor differences in outputs. You'll still be able to use a slow processor with `use_fast=False`.
Device set to use cuda:0
INFO  phase3.render  [render 6%] shot 2/96: portrait
INFO  phase3.render  [render 7%] shot 3/96: typography
INFO  phase3.sources.decisions  Shot 4: chosen-file hit pexels_c.cond.jpg
INFO  phase3.sources  Shot 4: review-dossier hit pexels_c.cond.jpg
INFO  phase3.render  Shot 4: using fetched image from review_dossier
INFO  phase3.render  [render 8%] shot 4/96: location
INFO  phase3.sources.decisions  Shot 5: chosen-file hit wikipedia_a.cond.jpg
INFO  phase3.sources  Shot 5: review-dossier hit wikipedia_a.cond.jpg
INFO  phase3.render  Shot 5: using fetched image from review_dossier
INFO  phase3.render  [render 9%] shot 5/96: broll
INFO  phase3.sources.decisions  Shot 6: chosen-file hit pexels_a.cond.jpg
INFO  phase3.sources  Shot 6: review-dossier hit pexels_a.cond.jpg
INFO  phase3.render  Shot 6: using fetched image from review_dossier
INFO  phase3.render  [render 9%] shot 6/96: archive
INFO  phase3.render  [render 10%] shot 7/96: typography
INFO  phase3.sources.decisions  Shot 8: chosen-file hit wikimedia_a.cond.jpg
INFO  phase3.sources  Shot 8: review-dossier hit wikimedia_a.cond.jpg
INFO  phase3.render  Shot 8: using fetched image from review_dossier
INFO  phase3.render  [render 11%] shot 8/96: archive
INFO  phase3.sources.decisions  Shot 9: chosen-file hit wikipedia_b.cond.jpg
INFO  phase3.sources  Shot 9: review-dossier hit wikipedia_b.cond.jpg
INFO  phase3.render  Shot 9: using fetched image from review_dossier
INFO  phase3.render  [render 12%] shot 9/96: broll
INFO  phase3.render  [render 12%] shot 10/96: typography
INFO  phase3.sources.decisions  Shot 11: portrait pool hit memoirs_3dw2.jpg (rank 1 of 11)
INFO  phase3.sources  Shot 11: review-dossier hit memoirs_3dw2.jpg
INFO  phase3.render  Shot 11: using fetched image from review_dossier
INFO  phase3.render  [render 13%] shot 11/96: portrait
INFO  phase3.sources.decisions  Shot 12: chosen-file hit wikipedia_c.cond.jpg
INFO  phase3.sources  Shot 12: review-dossier hit wikipedia_c.cond.jpg
INFO  phase3.render  Shot 12: using fetched image from review_dossier
INFO  phase3.render  [render 14%] shot 12/96: broll
INFO  phase3.render  [render 14%] shot 13/96: typography
INFO  phase3.sources.decisions  Shot 14: chosen-file hit pexels_b.cond.jpg
INFO  phase3.sources  Shot 14: review-dossier hit pexels_b.cond.jpg
INFO  phase3.render  Shot 14: using fetched image from review_dossier
INFO  phase3.render  [render 15%] shot 14/96: archive
INFO  phase3.render  [render 16%] shot 15/96: section_mark
INFO  phase3.sources.decisions  Shot 16: chosen-file hit wikimedia_b.cond.jpg
INFO  phase3.sources  Shot 16: review-dossier hit wikimedia_b.cond.jpg
INFO  phase3.render  Shot 16: using fetched image from review_dossier
INFO  phase3.render  [render 17%] shot 16/96: location
INFO  phase3.render  [render 17%] shot 17/96: typography
INFO  phase3.sources.decisions  Shot 18: chosen-file hit wikimedia_a.jpg
INFO  phase3.sources  Shot 18: review-dossier hit wikimedia_a.jpg
INFO  phase3.render  Shot 18: using fetched image from review_dossier
You seem to be using the pipelines sequentially on GPU. In order to maximize efficiency please use a dataset
INFO  phase3.render  [render 18%] shot 18/96: location
INFO  phase3.sources.decisions  Shot 19: chosen-file hit wikipedia_b.cond.jpg
INFO  phase3.sources  Shot 19: review-dossier hit wikipedia_b.cond.jpg
INFO  phase3.render  Shot 19: using fetched image from review_dossier
INFO  phase3.render  [render 19%] shot 19/96: broll
INFO  phase3.render  [render 20%] shot 20/96: typography
INFO  phase3.sources.decisions  Shot 21: chosen-file hit pexels_b.cond.jpg
INFO  phase3.sources  Shot 21: review-dossier hit pexels_b.cond.jpg
INFO  phase3.render  Shot 21: using fetched image from review_dossier
INFO  phase3.render  [render 20%] shot 21/96: archive
INFO  phase3.sources.decisions  Shot 22: chosen-file hit pexels_a.cond.jpg
INFO  phase3.sources  Shot 22: review-dossier hit pexels_a.cond.jpg
INFO  phase3.render  Shot 22: using fetched image from review_dossier
INFO  phase3.render  [render 21%] shot 22/96: broll
INFO  phase3.render  [render 22%] shot 23/96: typography
INFO  phase3.sources.decisions  Shot 24: chosen-file hit wikimedia_a.jpg
INFO  phase3.sources  Shot 24: review-dossier hit wikimedia_a.jpg
INFO  phase3.render  Shot 24: using fetched image from review_dossier
INFO  phase3.render  [render 22%] shot 24/96: location
INFO  phase3.sources.decisions  Shot 25: chosen-file hit wikimedia_a.cond.jpg
INFO  phase3.sources  Shot 25: review-dossier hit wikimedia_a.cond.jpg
INFO  phase3.render  Shot 25: using fetched image from review_dossier
INFO  phase3.render  [render 23%] shot 25/96: archive
INFO  phase3.render  [render 24%] shot 26/96: typography
INFO  phase3.sources.decisions  Shot 27: chosen-file hit wikimedia_b.cond.jpg
INFO  phase3.sources  Shot 27: review-dossier hit wikimedia_b.cond.jpg
INFO  phase3.render  Shot 27: using fetched image from review_dossier
INFO  phase3.render  [render 25%] shot 27/96: broll
INFO  phase3.sources.decisions  Shot 28: chosen-file hit wikipedia_a.jpg
INFO  phase3.sources  Shot 28: review-dossier hit wikipedia_a.jpg
INFO  phase3.render  Shot 28: using fetched image from review_dossier
libpng warning: iCCP: profile 'ICC Profile': 'GRAY': Gray color space not permitted on RGB PNG
INFO  phase3.render  [render 25%] shot 28/96: portrait
INFO  phase3.sources.decisions  Shot 29: chosen-file hit wikimedia_b.cond.jpg
INFO  phase3.sources  Shot 29: review-dossier hit wikimedia_b.cond.jpg
INFO  phase3.render  Shot 29: using fetched image from review_dossier
INFO  phase3.render  [render 26%] shot 29/96: archive
INFO  phase3.render  [render 27%] shot 30/96: typography
INFO  phase3.sources.decisions  Shot 31: chosen-file hit pexels_a.cond.jpg
INFO  phase3.sources  Shot 31: review-dossier hit pexels_a.cond.jpg
INFO  phase3.render  Shot 31: using fetched image from review_dossier
INFO  phase3.render  [render 28%] shot 31/96: broll
INFO  phase3.render  [render 28%] shot 32/96: typography
INFO  phase3.sources.decisions  Shot 33: chosen-file hit wikipedia_a.cond.jpg
INFO  phase3.sources  Shot 33: review-dossier hit wikipedia_a.cond.jpg
INFO  phase3.render  Shot 33: using fetched image from review_dossier
INFO  phase3.render  [render 29%] shot 33/96: archive
INFO  phase3.sources.decisions  Shot 33: chosen-file hit wikipedia_a.cond.jpg
INFO  phase3.render  Overlay run > rotate: backdrop switched to alternate wikipedia_b.png (source shot 33)
[motion_parallax] no cached depth for shot_033_bgrot.png; estimating in-memory (prefer prebuild/render-stage caching).
INFO  phase3.render  [render 30%] shot 34/96: typography
INFO  phase3.sources.decisions  Shot 35: chosen-file hit wikimedia_c.cond.jpg
INFO  phase3.sources  Shot 35: review-dossier hit wikimedia_c.cond.jpg
INFO  phase3.render  Shot 35: using fetched image from review_dossier
INFO  phase3.render  [render 31%] shot 35/96: location
INFO  phase3.sources.decisions  Shot 35: chosen-file hit wikimedia_c.cond.jpg
INFO  phase3.render  Overlay run > rotate: backdrop switched to alternate wikimedia_a.jpg (source shot 35)
[motion_parallax] no cached depth for shot_035_bgrot.png; estimating in-memory (prefer prebuild/render-stage caching).
INFO  phase3.render  [render 31%] shot 36/96: section_mark
INFO  phase3.sources.decisions  Shot 37: chosen-file hit pexels_b.cond.jpg
INFO  phase3.sources  Shot 37: review-dossier hit pexels_b.cond.jpg
INFO  phase3.render  Shot 37: using fetched image from review_dossier
INFO  phase3.render  [render 32%] shot 37/96: broll
INFO  phase3.sources.decisions  Shot 38: chosen-file hit pexels_a.cond.jpg
INFO  phase3.sources  Shot 38: review-dossier hit pexels_a.cond.jpg
INFO  phase3.render  Shot 38: using fetched image from review_dossier
INFO  phase3.render  [render 33%] shot 38/96: location
INFO  phase3.render  [render 33%] shot 39/96: typography
INFO  phase3.sources.decisions  Shot 40: chosen-file hit wikimedia_c.cond.jpg
INFO  phase3.sources  Shot 40: review-dossier hit wikimedia_c.cond.jpg
INFO  phase3.render  Shot 40: using fetched image from review_dossier
INFO  phase3.render  [render 34%] shot 40/96: archive
INFO  phase3.render  [render 35%] shot 41/96: typography
INFO  phase3.sources.decisions  Shot 42: chosen-file hit wikimedia_a.cond.jpg
INFO  phase3.sources  Shot 42: review-dossier hit wikimedia_a.cond.jpg
INFO  phase3.render  Shot 42: using fetched image from review_dossier
INFO  phase3.render  [render 36%] shot 42/96: archive
INFO  phase3.sources.decisions  Shot 43: chosen-file hit wikipedia_a.cond.jpg
INFO  phase3.sources  Shot 43: review-dossier hit wikipedia_a.cond.jpg
INFO  phase3.render  Shot 43: using fetched image from review_dossier
INFO  phase3.render  [render 36%] shot 43/96: portrait
INFO  phase3.sources.decisions  Shot 44: chosen-file hit wikimedia_a.cond.jpg
INFO  phase3.sources  Shot 44: review-dossier hit wikimedia_a.cond.jpg
INFO  phase3.render  Shot 44: using fetched image from review_dossier
INFO  phase3.render  [render 37%] shot 44/96: broll
INFO  phase3.render  [render 38%] shot 45/96: typography
INFO  phase3.sources.decisions  Shot 46: chosen-file hit pexels_a.cond.jpg
INFO  phase3.sources  Shot 46: review-dossier hit pexels_a.cond.jpg
INFO  phase3.render  Shot 46: using fetched image from review_dossier
INFO  phase3.render  [render 39%] shot 46/96: archive
INFO  phase3.render  [render 39%] shot 47/96: typography
INFO  phase3.sources.decisions  Shot 48: chosen-file hit wikipedia_a.cond.jpg
INFO  phase3.sources  Shot 48: review-dossier hit wikipedia_a.cond.jpg
INFO  phase3.render  Shot 48: using fetched image from review_dossier
INFO  phase3.render  [render 40%] shot 48/96: broll
INFO  phase3.sources.decisions  Shot 49: chosen-file hit pexels_a.cond.jpg
INFO  phase3.sources  Shot 49: review-dossier hit pexels_a.cond.jpg
INFO  phase3.render  Shot 49: using fetched image from review_dossier
INFO  phase3.render  [render 41%] shot 49/96: archive
INFO  phase3.sources.decisions  Shot 49: chosen-file hit pexels_a.cond.jpg
INFO  phase3.render  Overlay run > rotate: backdrop switched to alternate pexels_b.jpg (source shot 49)
[motion_parallax] no cached depth for shot_049_bgrot.png; estimating in-memory (prefer prebuild/render-stage caching).
INFO  phase3.render  [render 41%] shot 50/96: typography
INFO  phase3.sources.decisions  Shot 51: chosen-file hit pexels_b.cond.jpg
INFO  phase3.sources  Shot 51: review-dossier hit pexels_b.cond.jpg
INFO  phase3.render  Shot 51: using fetched image from review_dossier
INFO  phase3.render  [render 42%] shot 51/96: broll
INFO  phase3.sources.decisions  Shot 51: chosen-file hit pexels_b.cond.jpg
INFO  phase3.render  Overlay run > rotate: backdrop switched to alternate pexels_c.jpg (source shot 51)
[motion_parallax] no cached depth for shot_051_bgrot.png; estimating in-memory (prefer prebuild/render-stage caching).
INFO  phase3.render  [render 43%] shot 52/96: typography
INFO  phase3.sources.decisions  Shot 53: chosen-file hit pexels_a.cond.jpg
INFO  phase3.sources  Shot 53: review-dossier hit pexels_a.cond.jpg
INFO  phase3.render  Shot 53: using fetched image from review_dossier
INFO  phase3.render  [render 44%] shot 53/96: archive
INFO  phase3.sources.decisions  Shot 53: chosen-file hit pexels_a.cond.jpg
INFO  phase3.render  Overlay run > rotate: backdrop switched to alternate wikipedia_b.jpg (source shot 53)
[motion_parallax] no cached depth for shot_053_bgrot.png; estimating in-memory (prefer prebuild/render-stage caching).
INFO  phase3.render  [render 44%] shot 54/96: typography
INFO  phase3.sources.decisions  Shot 55: chosen-file hit pexels_a.cond.jpg
INFO  phase3.sources  Shot 55: review-dossier hit pexels_a.cond.jpg
INFO  phase3.render  Shot 55: using fetched image from review_dossier
INFO  phase3.render  [render 45%] shot 55/96: location
INFO  phase3.render  [render 46%] shot 56/96: section_mark
INFO  phase3.sources.decisions  Shot 57: chosen-file hit wikimedia_a.cond.jpg
INFO  phase3.sources  Shot 57: review-dossier hit wikimedia_a.cond.jpg
INFO  phase3.render  Shot 57: using fetched image from review_dossier
INFO  phase3.render  [render 47%] shot 57/96: archive
INFO  phase3.sources.decisions  Shot 58: chosen-file hit wikipedia_a.cond.jpg
INFO  phase3.sources  Shot 58: review-dossier hit wikipedia_a.cond.jpg
INFO  phase3.render  Shot 58: using fetched image from review_dossier
INFO  phase3.render  [render 47%] shot 58/96: archive
INFO  phase3.render  [render 48%] shot 59/96: typography
INFO  phase3.sources.decisions  Shot 60: portrait pool hit jafar_in_office.jpg (rank 4 of 11)
INFO  phase3.sources  Shot 60: review-dossier hit jafar_in_office.jpg
INFO  phase3.render  Shot 60: using fetched image from review_dossier
INFO  phase3.render  [render 49%] shot 60/96: portrait
INFO  phase3.render  [render 49%] shot 61/96: typography
INFO  phase3.sources.decisions  Shot 62: chosen-file hit wikipedia_a.cond.jpg
INFO  phase3.sources  Shot 62: review-dossier hit wikipedia_a.cond.jpg
INFO  phase3.render  Shot 62: using fetched image from review_dossier
INFO  phase3.render  [render 50%] shot 62/96: archive
INFO  phase3.sources.decisions  Shot 63: chosen-file hit pexels_b.cond.jpg
INFO  phase3.sources  Shot 63: review-dossier hit pexels_b.cond.jpg
INFO  phase3.render  Shot 63: using fetched image from review_dossier
INFO  phase3.render  [render 51%] shot 63/96: location
INFO  phase3.sources.decisions  Shot 64: chosen-file hit wikipedia_b.cond.jpg
INFO  phase3.sources  Shot 64: review-dossier hit wikipedia_b.cond.jpg
INFO  phase3.render  Shot 64: using fetched image from review_dossier
INFO  phase3.render  [render 52%] shot 64/96: archive
INFO  phase3.sources.decisions  Shot 65: chosen-file hit pexels_a.cond.jpg
INFO  phase3.sources  Shot 65: review-dossier hit pexels_a.cond.jpg
INFO  phase3.render  Shot 65: using fetched image from review_dossier
INFO  phase3.render  [render 52%] shot 65/96: broll
INFO  phase3.render  [render 53%] shot 66/96: typography
INFO  phase3.sources.decisions  Shot 67: chosen-file hit wikipedia_a.cond.jpg
INFO  phase3.sources  Shot 67: review-dossier hit wikipedia_a.cond.jpg
INFO  phase3.render  Shot 67: using fetched image from review_dossier
INFO  phase3.render  [render 54%] shot 67/96: broll
INFO  phase3.sources.decisions  Shot 68: chosen-file hit wikipedia_a.cond.jpg
INFO  phase3.sources  Shot 68: review-dossier hit wikipedia_a.cond.jpg
INFO  phase3.render  Shot 68: using fetched image from review_dossier
INFO  phase3.render  [render 55%] shot 68/96: archive
INFO  phase3.render  [render 55%] shot 69/96: typography
INFO  phase3.sources.decisions  Shot 70: chosen-file hit wikipedia_a.cond.jpg
INFO  phase3.sources  Shot 70: review-dossier hit wikipedia_a.cond.jpg
INFO  phase3.render  Shot 70: using fetched image from review_dossier
INFO  phase3.render  [render 56%] shot 70/96: archive
INFO  phase3.sources.decisions  Shot 70: chosen-file hit wikipedia_a.cond.jpg
INFO  phase3.render  Overlay run > rotate: backdrop switched to alternate pexels_c.jpg (source shot 70)
[motion_parallax] no cached depth for shot_070_bgrot.png; estimating in-memory (prefer prebuild/render-stage caching).
INFO  phase3.render  [render 57%] shot 71/96: typography
INFO  phase3.sources.decisions  Shot 72: chosen-file hit wikipedia_b.cond.jpg
INFO  phase3.sources  Shot 72: review-dossier hit wikipedia_b.cond.jpg
INFO  phase3.render  Shot 72: using fetched image from review_dossier
INFO  phase3.render  [render 58%] shot 72/96: archive
INFO  phase3.render  [render 58%] shot 73/96: section_mark
INFO  phase3.sources.decisions  Shot 74: portrait pool hit jafar_at_window_w.jpg (rank 5 of 11)
INFO  phase3.sources  Shot 74: review-dossier hit jafar_at_window_w.jpg
INFO  phase3.render  Shot 74: using fetched image from review_dossier
INFO  phase3.render  [render 59%] shot 74/96: portrait
INFO  phase3.sources.decisions  Shot 75: chosen-file hit pexels_b.cond.jpg
INFO  phase3.sources  Shot 75: review-dossier hit pexels_b.cond.jpg
INFO  phase3.render  Shot 75: using fetched image from review_dossier
INFO  phase3.render  [render 60%] shot 75/96: broll
INFO  phase3.render  [render 60%] shot 76/96: typography
INFO  phase3.sources.decisions  Shot 77: chosen-file hit pexels_c.cond.jpg
INFO  phase3.sources  Shot 77: review-dossier hit pexels_c.cond.jpg
INFO  phase3.render  Shot 77: using fetched image from review_dossier
INFO  phase3.render  [render 61%] shot 77/96: archive
INFO  phase3.render  [render 62%] shot 78/96: typography
INFO  phase3.sources.decisions  Shot 79: chosen-file hit wikipedia_a.jpg
INFO  phase3.sources  Shot 79: review-dossier hit wikipedia_a.jpg
INFO  phase3.render  Shot 79: using fetched image from review_dossier
INFO  phase3.render  [render 63%] shot 79/96: broll
INFO  phase3.sources.decisions  Shot 80: chosen-file hit pexels_c.cond.jpg
INFO  phase3.sources  Shot 80: review-dossier hit pexels_c.cond.jpg
INFO  phase3.render  Shot 80: using fetched image from review_dossier
INFO  phase3.render  [render 63%] shot 80/96: archive
INFO  phase3.render  [render 64%] shot 81/96: typography
INFO  phase3.sources.decisions  Shot 82: chosen-file hit pexels_a.cond.jpg
INFO  phase3.sources  Shot 82: review-dossier hit pexels_a.cond.jpg
INFO  phase3.render  Shot 82: using fetched image from review_dossier
INFO  phase3.render  [render 65%] shot 82/96: archive
INFO  phase3.render  [render 66%] shot 83/96: typography
INFO  phase3.sources.decisions  Shot 84: chosen-file hit pexels_a.cond.jpg
INFO  phase3.sources  Shot 84: review-dossier hit pexels_a.cond.jpg
INFO  phase3.render  Shot 84: using fetched image from review_dossier
INFO  phase3.render  [render 66%] shot 84/96: broll
INFO  phase3.sources.decisions  Shot 85: chosen-file hit pexels_c.cond.jpg
INFO  phase3.sources  Shot 85: review-dossier hit pexels_c.cond.jpg
INFO  phase3.render  Shot 85: using fetched image from review_dossier
INFO  phase3.render  [render 67%] shot 85/96: archive
INFO  phase3.render  [render 68%] shot 86/96: typography
INFO  phase3.sources.decisions  Shot 87: portrait pool hit jafar_in_quweira.jpg (rank 6 of 11)
INFO  phase3.sources  Shot 87: review-dossier hit jafar_in_quweira.jpg
INFO  phase3.render  Shot 87: using fetched image from review_dossier
INFO  phase3.render  [render 68%] shot 87/96: portrait
INFO  phase3.sources.decisions  Shot 87: portrait pool hit jafar_in_quweira.jpg (rank 6 of 11)
INFO  phase3.render  [render 69%] shot 88/96: typography
INFO  phase3.sources.decisions  Shot 89: chosen-file hit pexels_b.cond.jpg
INFO  phase3.sources  Shot 89: review-dossier hit pexels_b.cond.jpg
INFO  phase3.render  Shot 89: using fetched image from review_dossier
INFO  phase3.render  [render 70%] shot 89/96: archive
INFO  phase3.sources.decisions  Shot 89: chosen-file hit pexels_b.cond.jpg
INFO  phase3.render  Overlay run > rotate: backdrop switched to alternate pexels_c.jpg (source shot 89)
[motion_parallax] no cached depth for shot_089_bgrot.png; estimating in-memory (prefer prebuild/render-stage caching).
INFO  phase3.render  [render 71%] shot 90/96: typography
INFO  phase3.sources.decisions  Shot 91: chosen-file hit wikimedia_a.cond.jpg
INFO  phase3.sources  Shot 91: review-dossier hit wikimedia_a.cond.jpg
INFO  phase3.render  Shot 91: using fetched image from review_dossier
INFO  phase3.render  [render 71%] shot 91/96: broll
INFO  phase3.sources.decisions  Shot 91: chosen-file hit wikimedia_a.cond.jpg
INFO  phase3.render  Overlay run > rotate: backdrop switched to alternate wikimedia_b.jpg (source shot 91)
[motion_parallax] no cached depth for shot_091_bgrot.png; estimating in-memory (prefer prebuild/render-stage caching).
INFO  phase3.render  [render 72%] shot 92/96: typography
INFO  phase3.sources.decisions  Shot 93: portrait pool hit jafar_order_of_the_medjidie.jpg (rank 7 of 11)
INFO  phase3.sources  Shot 93: review-dossier hit jafar_order_of_the_medjidie.jpg
INFO  phase3.render  Shot 93: using fetched image from review_dossier
INFO  phase3.render  [render 73%] shot 93/96: portrait
INFO  phase3.render  [render 74%] shot 94/96: typography
INFO  phase3.sources.decisions  Shot 93: portrait pool hit jafar_order_of_the_medjidie.jpg (rank 7 of 11)
INFO  phase3.render  [render 74%] shot 95/96: typography
INFO  phase3.sources.decisions  Shot 93: portrait pool hit jafar_order_of_the_medjidie.jpg (rank 7 of 11)
INFO  phase3.render  [render 75%] shot 96/96: typography
INFO  phase3.render  [render 80%] concat all shots
INFO  phase3.render  [render 92%] mux audio and captions
INFO  phase3.render  Color grade applied: warm
INFO  phase3.render  Music bed: -13 dB, ducked under narration
INFO  phase3.render  [render 100%] done
INFO  phase3.render  Rendered video → output/final_cut_B.mp4

Done in 2445s  —  output/final_cut_B.mp4  (235.2 MB)
